// Vitest Snapshot v1, https://vitest.dev/guide/snapshot.html

exports[`Badge — variant class parity > merges a caller className after the variant class 1`] = `"inline-flex items-center rounded-full border px-2.5 py-0.5 text-xs font-semibold transition-colors focus:outline-none focus:ring-2 focus:ring-ring focus:ring-offset-2 border-transparent bg-semantic-success text-foreground dark:text-foreground hover:bg-semantic-success/80 custom-extra"`;

exports[`Badge — variant class parity > no props (defaultVariants: variant=default) 1`] = `"inline-flex items-center rounded-full border px-2.5 py-0.5 text-xs font-semibold transition-colors focus:outline-none focus:ring-2 focus:ring-ring focus:ring-offset-2 border-transparent bg-brand text-foreground dark:text-foreground hover:bg-brand/80"`;

exports[`Badge — variant class parity > variant=danger 1`] = `"inline-flex items-center rounded-full border px-2.5 py-0.5 text-xs font-semibold transition-colors focus:outline-none focus:ring-2 focus:ring-ring focus:ring-offset-2 border-transparent bg-semantic-danger text-foreground dark:text-foreground hover:bg-semantic-danger/80"`;

exports[`Badge — variant class parity > variant=default 1`] = `"inline-flex items-center rounded-full border px-2.5 py-0.5 text-xs font-semibold transition-colors focus:outline-none focus:ring-2 focus:ring-ring focus:ring-offset-2 border-transparent bg-brand text-foreground dark:text-foreground hover:bg-brand/80"`;

exports[`Badge — variant class parity > variant=destructive 1`] = `"inline-flex items-center rounded-full border px-2.5 py-0.5 text-xs font-semibold transition-colors focus:outline-none focus:ring-2 focus:ring-ring focus:ring-offset-2 border-transparent bg-destructive text-destructive-foreground hover:bg-destructive/80"`;

exports[`Badge — variant class parity > variant=info 1`] = `"inline-flex items-center rounded-full border px-2.5 py-0.5 text-xs font-semibold transition-colors focus:outline-none focus:ring-2 focus:ring-ring focus:ring-offset-2 border-transparent bg-semantic-info text-foreground dark:text-foreground hover:bg-semantic-info/80"`;

exports[`Badge — variant class parity > variant=outline 1`] = `"inline-flex items-center rounded-full border px-2.5 py-0.5 text-xs font-semibold transition-colors focus:outline-none focus:ring-2 focus:ring-ring focus:ring-offset-2 text-foreground border-border"`;

exports[`Badge — variant class parity > variant=secondary 1`] = `"inline-flex items-center rounded-full border px-2.5 py-0.5 text-xs font-semibold transition-colors focus:outline-none focus:ring-2 focus:ring-ring focus:ring-offset-2 border-transparent bg-secondary text-secondary-foreground hover:bg-secondary/80"`;

exports[`Badge — variant class parity > variant=success 1`] = `"inline-flex items-center rounded-full border px-2.5 py-0.5 text-xs font-semibold transition-colors focus:outline-none focus:ring-2 focus:ring-ring focus:ring-offset-2 border-transparent bg-semantic-success text-foreground dark:text-foreground hover:bg-semantic-success/80"`;

exports[`Badge — variant class parity > variant=warning 1`] = `"inline-flex items-center rounded-full border px-2.5 py-0.5 text-xs font-semibold transition-colors focus:outline-none focus:ring-2 focus:ring-ring focus:ring-offset-2 border-transparent bg-semantic-warning text-neutral-900 hover:bg-semantic-warning/80"`;

exports[`Button — variant class parity > merges a caller className after the variant classes 1`] = `"inline-flex items-center justify-center whitespace-nowrap text-sm font-medium ring-offset-background focus-visible:outline-none focus-visible:ring-2 focus-visible:ring-ring focus-visible:ring-offset-2 disabled:pointer-events-none disabled:opacity-50 cursor-pointer active:scale-95 transition-transform duration-100 border border-input bg-background hover:bg-accent hover:text-accent-foreground h-12 rounded-md px-8 custom-extra"`;

exports[`Button — variant class parity > no props (defaultVariants: variant=default size=default) 1`] = `"inline-flex items-center justify-center whitespace-nowrap rounded-sm text-sm font-medium ring-offset-background focus-visible:outline-none focus-visible:ring-2 focus-visible:ring-ring focus-visible:ring-offset-2 disabled:pointer-events-none disabled:opacity-50 cursor-pointer active:scale-95 transition-transform duration-100 bg-brand text-brand-foreground hover:bg-brand/90 shadow-sm h-11 px-4 py-2 min-w-[44px]"`;

exports[`Button — variant class parity > variant=default size=default 1`] = `"inline-flex items-center justify-center whitespace-nowrap rounded-sm text-sm font-medium ring-offset-background focus-visible:outline-none focus-visible:ring-2 focus-visible:ring-ring focus-visible:ring-offset-2 disabled:pointer-events-none disabled:opacity-50 cursor-pointer active:scale-95 transition-transform duration-100 bg-brand text-brand-foreground hover:bg-brand/90 shadow-sm h-11 px-4 py-2 min-w-[44px]"`;

exports[`Button — variant class parity > variant=default size=icon 1`] = `"inline-flex items-center justify-center whitespace-nowrap rounded-sm text-sm font-medium ring-offset-background focus-visible:outline-none focus-visible:ring-2 focus-visible:ring-ring focus-visible:ring-offset-2 disabled:pointer-events-none disabled:opacity-50 cursor-pointer active:scale-95 transition-transform duration-100 bg-brand text-brand-foreground hover:bg-brand/90 shadow-sm h-11 w-11"`;

exports[`Button — variant class parity > variant=default size=lg 1`] = `"inline-flex items-center justify-center whitespace-nowrap text-sm font-medium ring-offset-background focus-visible:outline-none focus-visible:ring-2 focus-visible:ring-ring focus-visible:ring-offset-2 disabled:pointer-events-none disabled:opacity-50 cursor-pointer active:scale-95 transition-transform duration-100 bg-brand text-brand-foreground hover:bg-brand/90 shadow-sm h-12 rounded-md px-8"`;

exports[`Button — variant class parity > variant=default size=sm 1`] = `"inline-flex items-center justify-center whitespace-nowrap text-sm font-medium ring-offset-background focus-visible:outline-none focus-visible:ring-2 focus-visible:ring-ring focus-visible:ring-offset-2 disabled:pointer-events-none disabled:opacity-50 cursor-pointer active:scale-95 transition-transform duration-100 bg-brand text-brand-foreground hover:bg-brand/90 shadow-sm h-11 rounded-md px-3"`;

exports[`Button — variant class parity > variant=destructive size=default 1`] = `"inline-flex items-center justify-center whitespace-nowrap rounded-sm text-sm font-medium ring-offset-background focus-visible:outline-none focus-visible:ring-2 focus-visible:ring-ring focus-visible:ring-offset-2 disabled:pointer-events-none disabled:opacity-50 cursor-pointer active:scale-95 transition-transform duration-100 bg-destructive text-destructive-foreground hover:bg-destructive/90 h-11 px-4 py-2 min-w-[44px]"`;

exports[`Button — variant class parity > variant=destructive size=icon 1`] = `"inline-flex items-center justify-center whitespace-nowrap rounded-sm text-sm font-medium ring-offset-background focus-visible:outline-none focus-visible:ring-2 focus-visible:ring-ring focus-visible:ring-offset-2 disabled:pointer-events-none disabled:opacity-50 cursor-pointer active:scale-95 transition-transform duration-100 bg-destructive text-destructive-foreground hover:bg-destructive/90 h-11 w-11"`;

exports[`Button — variant class parity > variant=destructive size=lg 1`] = `"inline-flex items-center justify-center whitespace-nowrap text-sm font-medium ring-offset-background focus-visible:outline-none focus-visible:ring-2 focus-visible:ring-ring focus-visible:ring-offset-2 disabled:pointer-events-none disabled:opacity-50 cursor-pointer active:scale-95 transition-transform duration-100 bg-destructive text-destructive-foreground hover:bg-destructive/90 h-12 rounded-md px-8"`;

exports[`Button — variant class parity > variant=destructive size=sm 1`] = `"inline-flex items-center justify-center whitespace-nowrap text-sm font-medium ring-offset-background focus-visible:outline-none focus-visible:ring-2 focus-visible:ring-ring focus-visible:ring-offset-2 disabled:pointer-events-none disabled:opacity-50 cursor-pointer active:scale-95 transition-transform duration-100 bg-destructive text-destructive-foreground hover:bg-destructive/90 h-11 rounded-md px-3"`;

exports[`Button — variant class parity > variant=ghost size=default 1`] = `"inline-flex items-center justify-center whitespace-nowrap rounded-sm text-sm font-medium ring-offset-background focus-visible:outline-none focus-visible:ring-2 focus-visible:ring-ring focus-visible:ring-offset-2 disabled:pointer-events-none disabled:opacity-50 cursor-pointer active:scale-95 transition-transform duration-100 hover:bg-accent hover:text-accent-foreground h-11 px-4 py-2 min-w-[44px]"`;

exports[`Button — variant class parity > variant=ghost size=icon 1`] = `"inline-flex items-center justify-center whitespace-nowrap rounded-sm text-sm font-medium ring-offset-background focus-visible:outline-none focus-visible:ring-2 focus-visible:ring-ring focus-visible:ring-offset-2 disabled:pointer-events-none disabled:opacity-50 cursor-pointer active:scale-95 transition-transform duration-100 hover:bg-accent hover:text-accent-foreground h-11 w-11"`;

exports[`Button — variant class parity > variant=ghost size=lg 1`] = `"inline-flex items-center justify-center whitespace-nowrap text-sm font-medium ring-offset-background focus-visible:outline-none focus-visible:ring-2 focus-visible:ring-ring focus-visible:ring-offset-2 disabled:pointer-events-none disabled:opacity-50 cursor-pointer active:scale-95 transition-transform duration-100 hover:bg-accent hover:text-accent-foreground h-12 rounded-md px-8"`;

exports[`Button — variant class parity > variant=ghost size=sm 1`] = `"inline-flex items-center justify-center whitespace-nowrap text-sm font-medium ring-offset-background focus-visible:outline-none focus-visible:ring-2 focus-visible:ring-ring focus-visible:ring-offset-2 disabled:pointer-events-none disabled:opacity-50 cursor-pointer active:scale-95 transition-transform duration-100 hover:bg-accent hover:text-accent-foreground h-11 rounded-md px-3"`;

exports[`Button — variant class parity > variant=link size=default 1`] = `"inline-flex items-center justify-center whitespace-nowrap rounded-sm text-sm font-medium ring-offset-background focus-visible:outline-none focus-visible:ring-2 focus-visible:ring-ring focus-visible:ring-offset-2 disabled:pointer-events-none disabled:opacity-50 cursor-pointer active:scale-95 transition-transform duration-100 text-primary underline-offset-4 hover:underline h-11 px-4 py-2 min-w-[44px]"`;

exports[`Button — variant class parity > variant=link size=icon 1`] = `"inline-flex items-center justify-center whitespace-nowrap rounded-sm text-sm font-medium ring-offset-background focus-visible:outline-none focus-visible:ring-2 focus-visible:ring-ring focus-visible:ring-offset-2 disabled:pointer-events-none disabled:opacity-50 cursor-pointer active:scale-95 transition-transform duration-100 text-primary underline-offset-4 hover:underline h-11 w-11"`;

exports[`Button — variant class parity > variant=link size=lg 1`] = `"inline-flex items-center justify-center whitespace-nowrap text-sm font-medium ring-offset-background focus-visible:outline-none focus-visible:ring-2 focus-visible:ring-ring focus-visible:ring-offset-2 disabled:pointer-events-none disabled:opacity-50 cursor-pointer active:scale-95 transition-transform duration-100 text-primary underline-offset-4 hover:underline h-12 rounded-md px-8"`;

exports[`Button — variant class parity > variant=link size=sm 1`] = `"inline-flex items-center justify-center whitespace-nowrap text-sm font-medium ring-offset-background focus-visible:outline-none focus-visible:ring-2 focus-visible:ring-ring focus-visible:ring-offset-2 disabled:pointer-events-none disabled:opacity-50 cursor-pointer active:scale-95 transition-transform duration-100 text-primary underline-offset-4 hover:underline h-11 rounded-md px-3"`;

exports[`Button — variant class parity > variant=outline size=default 1`] = `"inline-flex items-center justify-center whitespace-nowrap rounded-sm text-sm font-medium ring-offset-background focus-visible:outline-none focus-visible:ring-2 focus-visible:ring-ring focus-visible:ring-offset-2 disabled:pointer-events-none disabled:opacity-50 cursor-pointer active:scale-95 transition-transform duration-100 border border-input bg-background hover:bg-accent hover:text-accent-foreground h-11 px-4 py-2 min-w-[44px]"`;

exports[`Button — variant class parity > variant=outline size=icon 1`] = `"inline-flex items-center justify-center whitespace-nowrap rounded-sm text-sm font-medium ring-offset-background focus-visible:outline-none focus-visible:ring-2 focus-visible:ring-ring focus-visible:ring-offset-2 disabled:pointer-events-none disabled:opacity-50 cursor-pointer active:scale-95 transition-transform duration-100 border border-input bg-background hover:bg-accent hover:text-accent-foreground h-11 w-11"`;

exports[`Button — variant class parity > variant=outline size=lg 1`] = `"inline-flex items-center justify-center whitespace-nowrap text-sm font-medium ring-offset-background focus-visible:outline-none focus-visible:ring-2 focus-visible:ring-ring focus-visible:ring-offset-2 disabled:pointer-events-none disabled:opacity-50 cursor-pointer active:scale-95 transition-transform duration-100 border border-input bg-background hover:bg-accent hover:text-accent-foreground h-12 rounded-md px-8"`;

exports[`Button — variant class parity > variant=outline size=sm 1`] = `"inline-flex items-center justify-center whitespace-nowrap text-sm font-medium ring-offset-background focus-visible:outline-none focus-visible:ring-2 focus-visible:ring-ring focus-visible:ring-offset-2 disabled:pointer-events-none disabled:opacity-50 cursor-pointer active:scale-95 transition-transform duration-100 border border-input bg-background hover:bg-accent hover:text-accent-foreground h-11 rounded-md px-3"`;

exports[`Button — variant class parity > variant=secondary size=default 1`] = `"inline-flex items-center justify-center whitespace-nowrap rounded-sm text-sm font-medium ring-offset-background focus-visible:outline-none focus-visible:ring-2 focus-visible:ring-ring focus-visible:ring-offset-2 disabled:pointer-events-none disabled:opacity-50 cursor-pointer active:scale-95 transition-transform duration-100 bg-secondary text-secondary-foreground hover:bg-secondary/80 h-11 px-4 py-2 min-w-[44px]"`;

exports[`Button — variant class parity > variant=secondary size=icon 1`] = `"inline-flex items-center justify-center whitespace-nowrap rounded-sm text-sm font-medium ring-offset-background focus-visible:outline-none focus-visible:ring-2 focus-visible:ring-ring focus-visible:ring-offset-2 disabled:pointer-events-none disabled:opacity-50 cursor-pointer active:scale-95 transition-transform duration-100 bg-secondary text-secondary-foreground hover:bg-secondary/80 h-11 w-11"`;

exports[`Button — variant class parity > variant=secondary size=lg 1`] = `"inline-flex items-center justify-center whitespace-nowrap text-sm font-medium ring-offset-background focus-visible:outline-none focus-visible:ring-2 focus-visible:ring-ring focus-visible:ring-offset-2 disabled:pointer-events-none disabled:opacity-50 cursor-pointer active:scale-95 transition-transform duration-100 bg-secondary text-secondary-foreground hover:bg-secondary/80 h-12 rounded-md px-8"`;

exports[`Button — variant class parity > variant=secondary size=sm 1`] = `"inline-flex items-center justify-center whitespace-nowrap text-sm font-medium ring-offset-background focus-visible:outline-none focus-visible:ring-2 focus-visible:ring-ring focus-visible:ring-offset-2 disabled:pointer-events-none disabled:opacity-50 cursor-pointer active:scale-95 transition-transform duration-100 bg-secondary text-secondary-foreground hover:bg-secondary/80 h-11 rounded-md px-3"`;

exports[`Card — variant class parity > merges a caller className after the variant class 1`] = `"rounded-md text-card-foreground bg-card shadow-sm border-none custom-extra"`;

exports[`Card — variant class parity > no props (defaultVariants: variant=flat) 1`] = `"rounded-md text-card-foreground bg-card border border-border shadow-none"`;

exports[`Card — variant class parity > variant=elevated 1`] = `"rounded-md text-card-foreground bg-card shadow-sm border-none"`;

exports[`Card — variant class parity > variant=flat 1`] = `"rounded-md text-card-foreground bg-card border border-border shadow-none"`;
